Warning[w31]: Modules have been compiled with possibly incompatible settings: Module Rfid_interface uses signed plain chars, while module ?Loc2mul32u32uto64ihw uses unsigned plain chars
Warning[w31]: Modules have been compiled with possibly incompatible settings: Module Rfid_interface uses signed plain chars, while module ?Loc2mul64ihw uses unsigned plain chars
Warning[w31]: Modules have been compiled with possibly incompatible settings: Module Rfid_interface uses signed plain chars, while module ?abort uses unsigned plain chars
Warning[w31]: Modules have been compiled with possibly incompatible settings: Module Rfid_interface uses signed plain chars, while module ?__dbg_break uses unsigned plain chars
Warning[w31]: Modules have been compiled with possibly incompatible settings: Module Rfid_interface uses signed plain chars, while module ?clock uses unsigned plain chars
Warning[w31]: Modules have been compiled with possibly incompatible settings: Module Rfid_interface uses signed plain chars, while module ?remove uses unsigned plain chars
Warning[w31]: Modules have been compiled with possibly incompatible settings: Module Rfid_interface uses signed plain chars, while module ?rename uses unsigned plain chars
Warning[w31]: Modules have been compiled with possibly incompatible settings: Module Rfid_interface uses signed plain chars, while module ?system uses unsigned plain chars
Warning[w31]: Modules have been compiled with possibly incompatible settings: Module Rfid_interface uses signed plain chars, while module ?time uses unsigned plain chars
Warning[w31]: Modules have been compiled with possibly incompatible settings: Module Rfid_interface uses signed plain chars, while module ?_ReportAssert uses unsigned plain chars
Warning[w31]: Modules have been compiled with possibly incompatible settings: Module Rfid_interface uses signed plain chars, while module ?__close uses unsigned plain chars
Warning[w31]: Modules have been compiled with possibly incompatible settings: Module Rfid_interface uses signed plain chars, while module ?__dwrite uses unsigned plain chars
Warning[w31]: Modules have been compiled with possibly incompatible settings: Module Rfid_interface uses signed plain chars, while module ?__exit uses unsigned plain chars
Warning[w31]: Modules have been compiled with possibly incompatible settings: Module Rfid_interface uses signed plain chars, while module ?__lseek uses unsigned plain chars
Warning[w31]: Modules have been compiled with possibly incompatible settings: Module Rfid_interface uses signed plain chars, while module ?__open uses unsigned plain chars
Warning[w31]: Modules have been compiled with possibly incompatible settings: Module Rfid_interface uses signed plain chars, while module ?__read uses unsigned plain chars
Warning[w31]: Modules have been compiled with possibly incompatible settings: Module Rfid_interface uses signed plain chars, while module ?__write uses unsigned plain chars
Warning[w31]: Modules have been compiled with possibly incompatible settings: Module Rfid_interface uses signed plain chars, while module ?abort uses unsigned plain chars
Warning[w31]: Modules have been compiled with possibly incompatible settings: Module Rfid_interface uses signed plain chars, while module ?abs uses unsigned plain chars
Warning[w31]: Modules have been compiled with possibly incompatible settings: Module Rfid_interface uses signed plain chars, while module ?abs_d uses unsigned plain chars
Warning[w31]: Modules have been compiled with possibly incompatible settings: Module Rfid_interface uses signed plain chars, while module ?abs_f uses unsigned plain chars
Warning[w31]: Modules have been compiled with possibly incompatible settings: Module Rfid_interface uses signed plain chars, while module ?abs_l uses unsigned plain chars
Warning[w31]: Modules have been compiled with possibly incompatible settings: Module Rfid_interface uses signed plain chars, while module ?abs_ld uses unsigned plain chars
Warning[w31]: Modules have been compiled with possibly incompatible settings: Module Rfid_interface uses signed plain chars, while module ?abs_t uses unsigned plain chars
Warning[w31]: Modules have been compiled with possibly incompatible settings: Module Rfid_interface uses signed plain chars, while module ?acos uses unsigned plain chars
Warning[w31]: Modules have been compiled with possibly incompatible settings: Module Rfid_interface uses signed plain chars, while module ?acos_f uses unsigned plain chars
Warning[w31]: Modules have been compiled with possibly incompatible settings: Module Rfid_interface uses signed plain chars, while module ?acos_ld uses unsigned plain chars
Warning[w31]: Modules have been compiled with possibly incompatible settings: Module Rfid_interface uses signed plain chars, while module ?acosf uses unsigned plain chars
Warning[w31]: Modules have been compiled with possibly incompatible settings: Module Rfid_interface uses signed plain chars, while module ?acosh uses unsigned plain chars
Warning[w31]: Modules have been compiled with possibly incompatible settings: Module Rfid_interface uses signed plain chars, while module ?acosh_f uses unsigned plain chars
Warning[w31]: Modules have been compiled with possibly incompatible settings: Module Rfid_interface uses signed plain chars, while module ?acosh_ld uses unsigned plain chars
Warning[w31]: Modules have been compiled with possibly incompatible settings: Module Rfid_interface uses signed plain chars, while module ?acoshf uses unsigned plain chars
Warning[w31]: Modules have been compiled with possibly incompatible settings: Module Rfid_interface uses signed plain chars, while module ?acoshl uses unsigned plain chars
Warning[w31]: Modules have been compiled with possibly incompatible settings: Module Rfid_interface uses signed plain chars, while module ?acosl uses unsigned plain chars
Warning[w31]: Modules have been compiled with possibly incompatible settings: Module Rfid_interface uses signed plain chars, while module ?asctime uses unsigned plain chars
Warning[w31]: Modules have been compiled with possibly incompatible settings: Module Rfid_interface uses signed plain chars, while module ?asin uses unsigned plain chars
Warning[w31]: Modules have been compiled with possibly incompatible settings: Module Rfid_interface uses signed plain chars, while module ?asin_f uses unsigned plain chars
Warning[w31]: Modules have been compiled with possibly incompatible settings: Module Rfid_interface uses signed plain chars, while module ?asin_ld uses unsigned plain chars
Warning[w31]: Modules have been compiled with possibly incompatible settings: Module Rfid_interface uses signed plain chars, while module ?asinf uses unsigned plain chars
Warning[w31]: Modules have been compiled with possibly incompatible settings: Module Rfid_interface uses signed plain chars, while module ?asinh uses unsigned plain chars
Warning[w31]: Modules have been compiled with possibly incompatible settings: Module Rfid_interface uses signed plain chars, while module ?asinh_f uses unsigned plain chars
Warning[w31]: Modules have been compiled with possibly incompatible settings: Module Rfid_interface uses signed plain chars, while module ?asinh_ld uses unsigned plain chars
Warning[w31]: Modules have been compiled with possibly incompatible settings: Module Rfid_interface uses signed plain chars, while module ?asinhf uses unsigned plain chars
Warning[w31]: Modules have been compiled with possibly incompatible settings: Module Rfid_interface uses signed plain chars, while module ?asinhl uses unsigned plain chars
Warning[w31]: Modules have been compiled with possibly incompatible settings: Module Rfid_interface uses signed plain chars, while module ?asinl uses unsigned plain chars
Warning[w31]: Modules have been compiled with possibly incompatible settings: Module Rfid_interface uses signed plain chars, while module ?atan uses unsigned plain chars
Warning[w31]: Modules have been compiled with possibly incompatible settings: Module Rfid_interface uses signed plain chars, while module ?atan2 uses unsigned plain chars
Warning[w31]: Modules have been compiled with possibly incompatible settings: Module Rfid_interface uses signed plain chars, while module ?atan2_f uses unsigned plain chars
Warning[w31]: Modules have been compiled with possibly incompatible settings: Module Rfid_interface uses signed plain chars, while module ?atan2_ld uses unsigned plain chars
Warning[w31]: Modules have been compiled with possibly incompatible settings: Module Rfid_interface uses signed plain chars, while module ?atan2f uses unsigned plain chars
Warning[w31]: Modules have been compiled with possibly incompatible settings: Module Rfid_interface uses signed plain chars, while module ?atan2l uses unsigned plain chars
Warning[w31]: Modules have been compiled with possibly incompatible settings: Module Rfid_interface uses signed plain chars, while module ?atan_f uses unsigned plain chars
Warning[w31]: Modules have been compiled with possibly incompatible settings: Module Rfid_interface uses signed plain chars, while module ?atan_ld uses unsigned plain chars
Warning[w31]: Modules have been compiled with possibly incompatible settings: Module Rfid_interface uses signed plain chars, while module ?atanf uses unsigned plain chars
Warning[w31]: Modules have been compiled with possibly incompatible settings: Module Rfid_interface uses signed plain chars, while module ?atanh uses unsigned plain chars
Warning[w31]: Modules have been compiled with possibly incompatible settings: Module Rfid_interface uses signed plain chars, while module ?atanh_f uses unsigned plain chars
Warning[w31]: Modules have been compiled with possibly incompatible settings: Module Rfid_interface uses signed plain chars, while module ?atanh_ld uses unsigned plain chars
Warning[w31]: Modules have been compiled with possibly incompatible settings: Module Rfid_interface uses signed plain chars, while module ?atanhf uses unsigned plain chars
Warning[w31]: Modules have been compiled with possibly incompatible settings: Module Rfid_interface uses signed plain chars, while module ?atanhl uses unsigned plain chars
Warning[w31]: Modules have been compiled with possibly incompatible settings: Module Rfid_interface uses signed plain chars, while module ?atanl uses unsigned plain chars
Warning[w31]: Modules have been compiled with possibly incompatible settings: Module Rfid_interface uses signed plain chars, while module ?atexit uses unsigned plain chars
Warning[w31]: Modules have been compiled with possibly incompatible settings: Module Rfid_interface uses signed plain chars, while module ?atexit2 uses unsigned plain chars
Warning[w31]: Modules have been compiled with possibly incompatible settings: Module Rfid_interface uses signed plain chars, while module ?atof uses unsigned plain chars
Warning[w31]: Modules have been compiled with possibly incompatible settings: Module Rfid_interface uses signed plain chars, while module ?atoi uses unsigned plain chars
Warning[w31]: Modules have been compiled with possibly incompatible settings: Module Rfid_interface uses signed plain chars, while module ?atol uses unsigned plain chars
Warning[w31]: Modules have been compiled with possibly incompatible settings: Module Rfid_interface uses signed plain chars, while module ?atoll uses unsigned plain chars
Warning[w31]: Modules have been compiled with possibly incompatible settings: Module Rfid_interface uses signed plain chars, while module ?bsearch uses unsigned plain chars
Warning[w31]: Modules have been compiled with possibly incompatible settings: Module Rfid_interface uses signed plain chars, while module ?bsearch2 uses unsigned plain chars
Warning[w31]: Modules have been compiled with possibly incompatible settings: Module Rfid_interface uses signed plain chars, while module ?btowc uses unsigned plain chars
Warning[w31]: Modules have been compiled with possibly incompatible settings: Module Rfid_interface uses signed plain chars, while module ?c16rtomb uses unsigned plain chars
Warning[w31]: Modules have been compiled with possibly incompatible settings: Module Rfid_interface uses signed plain chars, while module ?c32rtomb uses unsigned plain chars
Warning[w31]: Modules have been compiled with possibly incompatible settings: Module Rfid_interface uses signed plain chars, while module ?c99_complex uses unsigned plain chars
Warning[w31]: Modules have been compiled with possibly incompatible settings: Module Rfid_interface uses signed plain chars, while module ?cabs uses unsigned plain chars
Warning[w31]: Modules have been compiled with possibly incompatible settings: Module Rfid_interface uses signed plain chars, while module ?cabsf uses unsigned plain chars
Warning[w31]: Modules have been compiled with possibly incompatible settings: Module Rfid_interface uses signed plain chars, while module ?cabsl uses unsigned plain chars
Warning[w31]: Modules have been compiled with possibly incompatible settings: Module Rfid_interface uses signed plain chars, while module ?cacos uses unsigned plain chars
Warning[w31]: Modules have been compiled with possibly incompatible settings: Module Rfid_interface uses signed plain chars, while module ?cacosf uses unsigned plain chars
Warning[w31]: Modules have been compiled with possibly incompatible settings: Module Rfid_interface uses signed plain chars, while module ?cacosh uses unsigned plain chars
Warning[w31]: Modules have been compiled with possibly incompatible settings: Module Rfid_interface uses signed plain chars, while module ?cacoshf uses unsigned plain chars
Warning[w31]: Modules have been compiled with possibly incompatible settings: Module Rfid_interface uses signed plain chars, while module ?cacoshl uses unsigned plain chars
Warning[w31]: Modules have been compiled with possibly incompatible settings: Module Rfid_interface uses signed plain chars, while module ?cacosl uses unsigned plain chars
Warning[w31]: Modules have been compiled with possibly incompatible settings: Module Rfid_interface uses signed plain chars, while module ?callnewh uses unsigned plain chars
Warning[w31]: Modules have been compiled with possibly incompatible settings: Module Rfid_interface uses signed plain chars, while module ?calloc uses unsigned plain chars
Warning[w31]: Modules have been compiled with possibly incompatible settings: Module Rfid_interface uses signed plain chars, while module ?carg uses unsigned plain chars
Warning[w31]: Modules have been compiled with possibly incompatible settings: Module Rfid_interface uses signed plain chars, while module ?cargf uses unsigned plain chars
Warning[w31]: Modules have been compiled with possibly incompatible settings: Module Rfid_interface uses signed plain chars, while module ?cargl uses unsigned plain chars
Warning[w31]: Modules have been compiled with possibly incompatible settings: Module Rfid_interface uses signed plain chars, while module ?casin uses unsigned plain chars
Warning[w31]: Modules have been compiled with possibly incompatible settings: Module Rfid_interface uses signed plain chars, while module ?casinf uses unsigned plain chars
Warning[w31]: Modules have been compiled with possibly incompatible settings: Module Rfid_interface uses signed plain chars, while module ?casinh uses unsigned plain chars
Warning[w31]: Modules have been compiled with possibly incompatible settings: Module Rfid_interface uses signed plain chars, while module ?casinhf uses unsigned plain chars
Warning[w31]: Modules have been compiled with possibly incompatible settings: Module Rfid_interface uses signed plain chars, while module ?casinhl uses unsigned plain chars
Warning[w31]: Modules have been compiled with possibly incompatible settings: Module Rfid_interface uses signed plain chars, while module ?casinl uses unsigned plain chars
Warning[w31]: Modules have been compiled with possibly incompatible settings: Module Rfid_interface uses signed plain chars, while module ?catan uses unsigned plain chars
Warning[w31]: Modules have been compiled with possibly incompatible settings: Module Rfid_interface uses signed plain chars, while module ?catanf uses unsigned plain chars
Warning[w31]: Modules have been compiled with possibly incompatible settings: Module Rfid_interface uses signed plain chars, while module ?catanh uses unsigned plain chars
Warning[w31]: Modules have been compiled with possibly incompatible settings: Module Rfid_interface uses signed plain chars, while module ?catanhf uses unsigned plain chars
Warning[w31]: Modules have been compiled with possibly incompatible settings: Module Rfid_interface uses signed plain chars, while module ?catanhl uses unsigned plain chars
Warning[w31]: Modules have been compiled with possibly incompatible settings: Module Rfid_interface uses signed plain chars, while module ?catanl uses unsigned plain chars
Warning[w31]: Modules have been compiled with possibly incompatible settings: Module Rfid_interface uses signed plain chars, while module ?cbrt uses unsigned plain chars
Warning[w31]: Modules have been compiled with possibly incompatible settings: Module Rfid_interface uses signed plain chars, while module ?cbrtf uses unsigned plain chars
Warning[w31]: Modules have been compiled with possibly incompatible settings: Module Rfid_interface uses signed plain chars, while module ?cbrtl uses unsigned plain chars
Warning[w31]: Modules have been compiled with possibly incompatible settings: Module Rfid_interface uses signed plain chars, while module ?ccos uses unsigned plain chars
Warning[w31]: Modules have been compiled with possibly incompatible settings: Module Rfid_interface uses signed plain chars, while module ?ccosf uses unsigned plain chars
Warning[w31]: Modules have been compiled with possibly incompatible settings: Module Rfid_interface uses signed plain chars, while module ?ccosh uses unsigned plain chars
Warning[w31]: Modules have been compiled with possibly incompatible settings: Module Rfid_interface uses signed plain chars, while module ?ccoshf uses unsigned plain chars
Warning[w31]: Modules have been compiled with possibly incompatible settings: Module Rfid_interface uses signed plain chars, while module ?ccoshl uses unsigned plain chars
Warning[w31]: Modules have been compiled with possibly incompatible settings: Module Rfid_interface uses signed plain chars, while module ?ccosl uses unsigned plain chars
Warning[w31]: Modules have been compiled with possibly incompatible settings: Module Rfid_interface uses signed plain chars, while module ?ceil uses unsigned plain chars
Warning[w31]: Modules have been compiled with possibly incompatible settings: Module Rfid_interface uses signed plain chars, while module ?ceil_f uses unsigned plain chars
Warning[w31]: Modules have been compiled with possibly incompatible settings: Module Rfid_interface uses signed plain chars, while module ?ceil_ld uses unsigned plain chars
Warning[w31]: Modules have been compiled with possibly incompatible settings: Module Rfid_interface uses signed plain chars, while module ?ceilf uses unsigned plain chars
Warning[w31]: Modules have been compiled with possibly incompatible settings: Module Rfid_interface uses signed plain chars, while module ?ceill uses unsigned plain chars
Warning[w31]: Modules have been compiled with possibly incompatible settings: Module Rfid_interface uses signed plain chars, while module ?cexp uses unsigned plain chars
Warning[w31]: Modules have been compiled with possibly incompatible settings: Module Rfid_interface uses signed plain chars, while module ?cexpf uses unsigned plain chars
Warning[w31]: Modules have been compiled with possibly incompatible settings: Module Rfid_interface uses signed plain chars, while module ?cexpl uses unsigned plain chars
Warning[w31]: Modules have been compiled with possibly incompatible settings: Module Rfid_interface uses signed plain chars, while module ?cimag uses unsigned plain chars
Warning[w31]: Modules have been compiled with possibly incompatible settings: Module Rfid_interface uses signed plain chars, while module ?cimagf uses unsigned plain chars
Warning[w31]: Modules have been compiled with possibly incompatible settings: Module Rfid_interface uses signed plain chars, while module ?cimagl uses unsigned plain chars
Warning[w31]: Modules have been compiled with possibly incompatible settings: Module Rfid_interface uses signed plain chars, while module ?clearerr uses unsigned plain chars
Warning[w31]: Modules have been compiled with possibly incompatible settings: Module Rfid_interface uses signed plain chars, while module ?clock uses unsigned plain chars
Warning[w31]: Modules have been compiled with possibly incompatible settings: Module Rfid_interface uses signed plain chars, while module ?clog uses unsigned plain chars
Warning[w31]: Modules have been compiled with possibly incompatible settings: Module Rfid_interface uses signed plain chars, while module ?clog10 uses unsigned plain chars
Warning[w31]: Modules have been compiled with possibly incompatible settings: Module Rfid_interface uses signed plain chars, while module ?clog10f uses unsigned plain chars
Warning[w31]: Modules have been compiled with possibly incompatible settings: Module Rfid_interface uses signed plain chars, while module ?clog10l uses unsigned plain chars
Warning[w31]: Modules have been compiled with possibly incompatible settings: Module Rfid_interface uses signed plain chars, while module ?clogf uses unsigned plain chars
Warning[w31]: Modules have been compiled with possibly incompatible settings: Module Rfid_interface uses signed plain chars, while module ?clogl uses unsigned plain chars
Warning[w31]: Modules have been compiled with possibly incompatible settings: Module Rfid_interface uses signed plain chars, while module ?conj uses unsigned plain chars
Warning[w31]: Modules have been compiled with possibly incompatible settings: Module Rfid_interface uses signed plain chars, while module ?conjf uses unsigned plain chars
Warning[w31]: Modules have been compiled with possibly incompatible settings: Module Rfid_interface uses signed plain chars, while module ?conjl uses unsigned plain chars
Warning[w31]: Modules have been compiled with possibly incompatible settings: Module Rfid_interface uses signed plain chars, while module ?copysign uses unsigned plain chars
Warning[w31]: Modules have been compiled with possibly incompatible settings: Module Rfid_interface uses signed plain chars, while module ?copysignf uses unsigned plain chars
Warning[w31]: Modules have been compiled with possibly incompatible settings: Module Rfid_interface uses signed plain chars, while module ?copysignl uses unsigned plain chars
Warning[w31]: Modules have been compiled with possibly incompatible settings: Module Rfid_interface uses signed plain chars, while module ?cos uses unsigned plain chars
Warning[w31]: Modules have been compiled with possibly incompatible settings: Module Rfid_interface uses signed plain chars, while module ?cos_accurate uses unsigned plain chars
Warning[w31]: Modules have been compiled with possibly incompatible settings: Module Rfid_interface uses signed plain chars, while module ?cos_accuratef uses unsigned plain chars
Warning[w31]: Modules have been compiled with possibly incompatible settings: Module Rfid_interface uses signed plain chars, while module ?cos_accuratel uses unsigned plain chars
Warning[w31]: Modules have been compiled with possibly incompatible settings: Module Rfid_interface uses signed plain chars, while module ?cos_f uses unsigned plain chars
Warning[w31]: Modules have been compiled with possibly incompatible settings: Module Rfid_interface uses signed plain chars, while module ?cos_ld uses unsigned plain chars
Warning[w31]: Modules have been compiled with possibly incompatible settings: Module Rfid_interface uses signed plain chars, while module ?cosf uses unsigned plain chars
Warning[w31]: Modules have been compiled with possibly incompatible settings: Module Rfid_interface uses signed plain chars, while module ?cosh uses unsigned plain chars
Warning[w31]: Modules have been compiled with possibly incompatible settings: Module Rfid_interface uses signed plain chars, while module ?cosh_f uses unsigned plain chars
Warning[w31]: Modules have been compiled with possibly incompatible settings: Module Rfid_interface uses signed plain chars, while module ?cosh_ld uses unsigned plain chars
Warning[w31]: Modules have been compiled with possibly incompatible settings: Module Rfid_interface uses signed plain chars, while module ?coshf uses unsigned plain chars
Warning[w31]: Modules have been compiled with possibly incompatible settings: Module Rfid_interface uses signed plain chars, while module ?coshl uses unsigned plain chars
Warning[w31]: Modules have been compiled with possibly incompatible settings: Module Rfid_interface uses signed plain chars, while module ?cosl uses unsigned plain chars
Warning[w31]: Modules have been compiled with possibly incompatible settings: Module Rfid_interface uses signed plain chars, while module ?cpow uses unsigned plain chars
Warning[w31]: Modules have been compiled with possibly incompatible settings: Module Rfid_interface uses signed plain chars, while module ?cpowf uses unsigned plain chars
Warning[w31]: Modules have been compiled with possibly incompatible settings: Module Rfid_interface uses signed plain chars, while module ?cpowl uses unsigned plain chars
Warning[w31]: Modules have been compiled with possibly incompatible settings: Module Rfid_interface uses signed plain chars, while module ?cppinit uses unsigned plain chars
Warning[w31]: Modules have been compiled with possibly incompatible settings: Module Rfid_interface uses signed plain chars, while module ?cproj uses unsigned plain chars
Warning[w31]: Modules have been compiled with possibly incompatible settings: Module Rfid_interface uses signed plain chars, while module ?cprojf uses unsigned plain chars
Warning[w31]: Modules have been compiled with possibly incompatible settings: Module Rfid_interface uses signed plain chars, while module ?cprojl uses unsigned plain chars
Warning[w31]: Modules have been compiled with possibly incompatible settings: Module Rfid_interface uses signed plain chars, while module ?creal uses unsigned plain chars
Warning[w31]: Modules have been compiled with possibly incompatible settings: Module Rfid_interface uses signed plain chars, while module ?crealf uses unsigned plain chars
Warning[w31]: Modules have been compiled with possibly incompatible settings: Module Rfid_interface uses signed plain chars, while module ?creall uses unsigned plain chars
Warning[w31]: Modules have been compiled with possibly incompatible settings: Module Rfid_interface uses signed plain chars, while module ?csin uses unsigned plain chars
Warning[w31]: Modules have been compiled with possibly incompatible settings: Module Rfid_interface uses signed plain chars, while module ?csinf uses unsigned plain chars
Warning[w31]: Modules have been compiled with possibly incompatible settings: Module Rfid_interface uses signed plain chars, while module ?csinh uses unsigned plain chars
Warning[w31]: Modules have been compiled with possibly incompatible settings: Module Rfid_interface uses signed plain chars, while module ?csinhf uses unsigned plain chars
Warning[w31]: Modules have been compiled with possibly incompatible settings: Module Rfid_interface uses signed plain chars, while module ?csinhl uses unsigned plain chars
Warning[w31]: Modules have been compiled with possibly incompatible settings: Module Rfid_interface uses signed plain chars, while module ?csinl uses unsigned plain chars
Warning[w31]: Modules have been compiled with possibly incompatible settings: Module Rfid_interface uses signed plain chars, while module ?csqrt uses unsigned plain chars
Warning[w31]: Modules have been compiled with possibly incompatible settings: Module Rfid_interface uses signed plain chars, while module ?csqrtf uses unsigned plain chars
Warning[w31]: Modules have been compiled with possibly incompatible settings: Module Rfid_interface uses signed plain chars, while module ?csqrtl uses unsigned plain chars
Warning[w31]: Modules have been compiled with possibly incompatible settings: Module Rfid_interface uses signed plain chars, while module ?ctan uses unsigned plain chars
Warning[w31]: Modules have been compiled with possibly incompatible settings: Module Rfid_interface uses signed plain chars, while module ?ctanf uses unsigned plain chars
Warning[w31]: Modules have been compiled with possibly incompatible settings: Module Rfid_interface uses signed plain chars, while module ?ctanh uses unsigned plain chars
Warning[w31]: Modules have been compiled with possibly incompatible settings: Module Rfid_interface uses signed plain chars, while module ?ctanhf uses unsigned plain chars
Warning[w31]: Modules have been compiled with possibly incompatible settings: Module Rfid_interface uses signed plain chars, while module ?ctanhl uses unsigned plain chars
Warning[w31]: Modules have been compiled with possibly incompatible settings: Module Rfid_interface uses signed plain chars, while module ?ctanl uses unsigned plain chars
Warning[w31]: Modules have been compiled with possibly incompatible settings: Module Rfid_interface uses signed plain chars, while module ?ctime uses unsigned plain chars
Warning[w31]: Modules have been compiled with possibly incompatible settings: Module Rfid_interface uses signed plain chars, while module ?ctime64 uses unsigned plain chars
Warning[w31]: Modules have been compiled with possibly incompatible settings: Module Rfid_interface uses signed plain chars, while module ?ctime_i uses unsigned plain chars
Warning[w31]: Modules have been compiled with possibly incompatible settings: Module Rfid_interface uses signed plain chars, while module ?ctype uses unsigned plain chars
Warning[w31]: Modules have been compiled with possibly incompatible settings: Module Rfid_interface uses signed plain chars, while module ?cxxabi uses unsigned plain chars
Warning[w31]: Modules have been compiled with possibly incompatible settings: Module Rfid_interface uses signed plain chars, while module ?cxxabiguard uses unsigned plain chars
Warning[w31]: Modules have been compiled with possibly incompatible settings: Module Rfid_interface uses signed plain chars, while module ?delaop2_0 uses unsigned plain chars
Warning[w31]: Modules have been compiled with possibly incompatible settings: Module Rfid_interface uses signed plain chars, while module ?delaop2_1 uses unsigned plain chars
Warning[w31]: Modules have been compiled with possibly incompatible settings: Module Rfid_interface uses signed plain chars, while module ?delaop2_2 uses unsigned plain chars
Warning[w31]: Modules have been compiled with possibly incompatible settings: Module Rfid_interface uses signed plain chars, while module ?delaop2_3 uses unsigned plain chars
Warning[w31]: Modules have been compiled with possibly incompatible settings: Module Rfid_interface uses signed plain chars, while module ?delaop2_4 uses unsigned plain chars
Warning[w31]: Modules have been compiled with possibly incompatible settings: Module Rfid_interface uses signed plain chars, while module ?delaop_0 uses unsigned plain chars
Warning[w31]: Modules have been compiled with possibly incompatible settings: Module Rfid_interface uses signed plain chars, while module ?delaop_1 uses unsigned plain chars
Warning[w31]: Modules have been compiled with possibly incompatible settings: Module Rfid_interface uses signed plain chars, while module ?delaop_2 uses unsigned plain chars
Warning[w31]: Modules have been compiled with possibly incompatible settings: Module Rfid_interface uses signed plain chars, while module ?delaop_3 uses unsigned plain chars
Warning[w31]: Modules have been compiled with possibly incompatible settings: Module Rfid_interface uses signed plain chars, while module ?delaop_4 uses unsigned plain chars
Warning[w31]: Modules have been compiled with possibly incompatible settings: Module Rfid_interface uses signed plain chars, while module ?delop2_0 uses unsigned plain chars
Warning[w31]: Modules have been compiled with possibly incompatible settings: Module Rfid_interface uses signed plain chars, while module ?delop2_1 uses unsigned plain chars
Warning[w31]: Modules have been compiled with possibly incompatible settings: Module Rfid_interface uses signed plain chars, while module ?delop2_2 uses unsigned plain chars
Warning[w31]: Modules have been compiled with possibly incompatible settings: Module Rfid_interface uses signed plain chars, while module ?delop2_3 uses unsigned plain chars
Warning[w31]: Modules have been compiled with possibly incompatible settings: Module Rfid_interface uses signed plain chars, while module ?delop2_4 uses unsigned plain chars
Warning[w31]: Modules have been compiled with possibly incompatible settings: Module Rfid_interface uses signed plain chars, while module ?delop_0 uses unsigned plain chars
Warning[w31]: Modules have been compiled with possibly incompatible settings: Module Rfid_interface uses signed plain chars, while module ?delop_1 uses unsigned plain chars
Warning[w31]: Modules have been compiled with possibly incompatible settings: Module Rfid_interface uses signed plain chars, while module ?delop_2 uses unsigned plain chars
Warning[w31]: Modules have been compiled with possibly incompatible settings: Module Rfid_interface uses signed plain chars, while module ?delop_3 uses unsigned plain chars
Warning[w31]: Modules have been compiled with possibly incompatible settings: Module Rfid_interface uses signed plain chars, while module ?delop_4 uses unsigned plain chars
Warning[w31]: Modules have been compiled with possibly incompatible settings: Module Rfid_interface uses signed plain chars, while module ?difftime uses unsigned plain chars
Warning[w31]: Modules have been compiled with possibly incompatible settings: Module Rfid_interface uses signed plain chars, while module ?difftime64 uses unsigned plain chars
Warning[w31]: Modules have been compiled with possibly incompatible settings: Module Rfid_interface uses signed plain chars, while module ?difftime_i uses unsigned plain chars
Warning[w31]: Modules have been compiled with possibly incompatible settings: Module Rfid_interface uses signed plain chars, while module ?div64i uses unsigned plain chars
Warning[w31]: Modules have been compiled with possibly incompatible settings: Module Rfid_interface uses signed plain chars, while module ?div_l uses unsigned plain chars
Warning[w31]: Modules have been compiled with possibly incompatible settings: Module Rfid_interface uses signed plain chars, while module ?div_t uses unsigned plain chars
Warning[w31]: Modules have been compiled with possibly incompatible settings: Module Rfid_interface uses signed plain chars, while module ?environ uses unsigned plain chars
Warning[w31]: Modules have been compiled with possibly incompatible settings: Module Rfid_interface uses signed plain chars, while module ?erf uses unsigned plain chars
Warning[w31]: Modules have been compiled with possibly incompatible settings: Module Rfid_interface uses signed plain chars, while module ?erf_f uses unsigned plain chars
Warning[w31]: Modules have been compiled with possibly incompatible settings: Module Rfid_interface uses signed plain chars, while module ?erf_ld uses unsigned plain chars
Warning[w31]: Modules have been compiled with possibly incompatible settings: Module Rfid_interface uses signed plain chars, while module ?erfc uses unsigned plain chars
Warning[w31]: Modules have been compiled with possibly incompatible settings: Module Rfid_interface uses signed plain chars, while module ?erfc_f uses unsigned plain chars
Warning[w31]: Modules have been compiled with possibly incompatible settings: Module Rfid_interface uses signed plain chars, while module ?erfc_ld uses unsigned plain chars
Warning[w31]: Modules have been compiled with possibly incompatible settings: Module Rfid_interface uses signed plain chars, while module ?erfcf uses unsigned plain chars
Warning[w31]: Modules have been compiled with possibly incompatible settings: Module Rfid_interface uses signed plain chars, while module ?erfcl uses unsigned plain chars
Warning[w31]: Modules have been compiled with possibly incompatible settings: Module Rfid_interface uses signed plain chars, while module ?erff uses unsigned plain chars
Warning[w31]: Modules have been compiled with possibly incompatible settings: Module Rfid_interface uses signed plain chars, while module ?erfl uses unsigned plain chars
Warning[w31]: Modules have been compiled with possibly incompatible settings: Module Rfid_interface uses signed plain chars, while module ?errno uses unsigned plain chars
Warning[w31]: Modules have been compiled with possibly incompatible settings: Module Rfid_interface uses signed plain chars, while module ?exit uses unsigned plain chars
Warning[w31]: Modules have been compiled with possibly incompatible settings: Module Rfid_interface uses signed plain chars, while module ?exp uses unsigned plain chars
Warning[w31]: Modules have been compiled with possibly incompatible settings: Module Rfid_interface uses signed plain chars, while module ?exp2 uses unsigned plain chars
Warning[w31]: Modules have been compiled with possibly incompatible settings: Module Rfid_interface uses signed plain chars, while module ?exp2_f uses unsigned plain chars
Warning[w31]: Modules have been compiled with possibly incompatible settings: Module Rfid_interface uses signed plain chars, while module ?exp2_ld uses unsigned plain chars
Warning[w31]: Modules have been compiled with possibly incompatible settings: Module Rfid_interface uses signed plain chars, while module ?exp2f uses unsigned plain chars
Warning[w31]: Modules have been compiled with possibly incompatible settings: Module Rfid_interface uses signed plain chars, while module ?exp2l uses unsigned plain chars
Warning[w31]: Modules have been compiled with possibly incompatible settings: Module Rfid_interface uses signed plain chars, while module ?exp_f uses unsigned plain chars
Warning[w31]: Modules have been compiled with possibly incompatible settings: Module Rfid_interface uses signed plain chars, while module ?exp_ld uses unsigned plain chars
Warning[w31]: Modules have been compiled with possibly incompatible settings: Module Rfid_interface uses signed plain chars, while module ?expf uses unsigned plain chars
Warning[w31]: Modules have been compiled with possibly incompatible settings: Module Rfid_interface uses signed plain chars, while module ?expl uses unsigned plain chars
Warning[w31]: Modules have been compiled with possibly incompatible settings: Module Rfid_interface uses signed plain chars, while module ?expm1 uses unsigned plain chars
Warning[w31]: Modules have been compiled with possibly incompatible settings: Module Rfid_interface uses signed plain chars, while module ?expm1_f uses unsigned plain chars
Warning[w31]: Modules have been compiled with possibly incompatible settings: Module Rfid_interface uses signed plain chars, while module ?expm1_ld uses unsigned plain chars
Warning[w31]: Modules have been compiled with possibly incompatible settings: Module Rfid_interface uses signed plain chars, while module ?expm1f uses unsigned plain chars
Warning[w31]: Modules have been compiled with possibly incompatible settings: Module Rfid_interface uses signed plain chars, while module ?expm1l uses unsigned plain chars
Warning[w31]: Modules have been compiled with possibly incompatible settings: Module Rfid_interface uses signed plain chars, while module ?fabs uses unsigned plain chars
Warning[w31]: Modules have been compiled with possibly incompatible settings: Module Rfid_interface uses signed plain chars, while module ?fabs_f uses unsigned plain chars
Warning[w31]: Modules have been compiled with possibly incompatible settings: Module Rfid_interface uses signed plain chars, while module ?fabs_ld uses unsigned plain chars
Warning[w31]: Modules have been compiled with possibly incompatible settings: Module Rfid_interface uses signed plain chars, while module ?fabsf uses unsigned plain chars
Warning[w31]: Modules have been compiled with possibly incompatible settings: Module Rfid_interface uses signed plain chars, while module ?fabsl uses unsigned plain chars
Warning[w31]: Modules have been compiled with possibly incompatible settings: Module Rfid_interface uses signed plain chars, while module ?fclose uses unsigned plain chars
Warning[w31]: Modules have been compiled with possibly incompatible settings: Module Rfid_interface uses signed plain chars, while module ?fdim uses unsigned plain chars
Warning[w31]: Modules have been compiled with possibly incompatible settings: Module Rfid_interface uses signed plain chars, while module ?fdim_f uses unsigned plain chars
Warning[w31]: Modules have been compiled with possibly incompatible settings: Module Rfid_interface uses signed plain chars, while module ?fdim_ld uses unsigned plain chars
Warning[w31]: Modules have been compiled with possibly incompatible settings: Module Rfid_interface uses signed plain chars, while module ?fdimf uses unsigned plain chars
Warning[w31]: Modules have been compiled with possibly incompatible settings: Module Rfid_interface uses signed plain chars, while module ?fdiml uses unsigned plain chars
Warning[w31]: Modules have been compiled with possibly incompatible settings: Module Rfid_interface uses signed plain chars, while module ?fdopen uses unsigned plain chars
Warning[w31]: Modules have been compiled with possibly incompatible settings: Module Rfid_interface uses signed plain chars, while module ?fenv uses unsigned plain chars
Warning[w31]: Modules have been compiled with possibly incompatible settings: Module Rfid_interface uses signed plain chars, while module ?feof uses unsigned plain chars
Warning[w31]: Modules have been compiled with possibly incompatible settings: Module Rfid_interface uses signed plain chars, while module ?ferror uses unsigned plain chars
Warning[w31]: Modules have been compiled with possibly incompatible settings: Module Rfid_interface uses signed plain chars, while module ?fflush uses unsigned plain chars
Warning[w31]: Modules have been compiled with possibly incompatible settings: Module Rfid_interface uses signed plain chars, while module ?fgetc uses unsigned plain chars
Warning[w31]: Modules have been compiled with possibly incompatible settings: Module Rfid_interface uses signed plain chars, while module ?fgetpos uses unsigned plain chars
Warning[w31]: Modules have been compiled with possibly incompatible settings: Module Rfid_interface uses signed plain chars, while module ?fgets uses unsigned plain chars
Warning[w31]: Modules have been compiled with possibly incompatible settings: Module Rfid_interface uses signed plain chars, while module ?fgetwc uses unsigned plain chars
Warning[w31]: Modules have been compiled with possibly incompatible settings: Module Rfid_interface uses signed plain chars, while module ?fgetws uses unsigned plain chars
Warning[w31]: Modules have been compiled with possibly incompatible settings: Module Rfid_interface uses signed plain chars, while module ?fileno uses unsigned plain chars
Warning[w31]: Modules have been compiled with possibly incompatible settings: Module Rfid_interface uses signed plain chars, while module ?fiopen uses unsigned plain chars
Warning[w31]: Modules have been compiled with possibly incompatible settings: Module Rfid_interface uses signed plain chars, while module ?floor uses unsigned plain chars
Warning[w31]: Modules have been compiled with possibly incompatible settings: Module Rfid_interface uses signed plain chars, while module ?floor_f uses unsigned plain chars
Warning[w31]: Modules have been compiled with possibly incompatible settings: Module Rfid_interface uses signed plain chars, while module ?floor_ld uses unsigned plain chars
Warning[w31]: Modules have been compiled with possibly incompatible settings: Module Rfid_interface uses signed plain chars, while module ?floorf uses unsigned plain chars
Warning[w31]: Modules have been compiled with possibly incompatible settings: Module Rfid_interface uses signed plain chars, while module ?floorl uses unsigned plain chars
Warning[w31]: Modules have been compiled with possibly incompatible settings: Module Rfid_interface uses signed plain chars, while module ?fma uses unsigned plain chars
Warning[w31]: Modules have been compiled with possibly incompatible settings: Module Rfid_interface uses signed plain chars, while module ?fma_f uses unsigned plain chars
Warning[w31]: Modules have been compiled with possibly incompatible settings: Module Rfid_interface uses signed plain chars, while module ?fma_ld uses unsigned plain chars
Warning[w31]: Modules have been compiled with possibly incompatible settings: Module Rfid_interface uses signed plain chars, while module ?fmaf uses unsigned plain chars
Warning[w31]: Modules have been compiled with possibly incompatible settings: Module Rfid_interface uses signed plain chars, while module ?fmal uses unsigned plain chars
Warning[w31]: Modules have been compiled with possibly incompatible settings: Module Rfid_interface uses signed plain chars, while module ?fmax uses unsigned plain chars
Warning[w31]: Modules have been compiled with possibly incompatible settings: Module Rfid_interface uses signed plain chars, while module ?fmax_f uses unsigned plain chars
Warning[w31]: Modules have been compiled with possibly incompatible settings: Module Rfid_interface uses signed plain chars, while module ?fmax_ld uses unsigned plain chars
Warning[w31]: Modules have been compiled with possibly incompatible settings: Module Rfid_interface uses signed plain chars, while module ?fmaxf uses unsigned plain chars
Warning[w31]: Modules have been compiled with possibly incompatible settings: Module Rfid_interface uses signed plain chars, while module ?fmaxl uses unsigned plain chars
Warning[w31]: Modules have been compiled with possibly incompatible settings: Module Rfid_interface uses signed plain chars, while module ?fmin uses unsigned plain chars
Warning[w31]: Modules have been compiled with possibly incompatible settings: Module Rfid_interface uses signed plain chars, while module ?fmin_f uses unsigned plain chars
Warning[w31]: Modules have been compiled with possibly incompatible settings: Module Rfid_interface uses signed plain chars, while module ?fmin_ld uses unsigned plain chars
Warning[w31]: Modules have been compiled with possibly incompatible settings: Module Rfid_interface uses signed plain chars, while module ?fminf uses unsigned plain chars
Warning[w31]: Modules have been compiled with possibly incompatible settings: Module Rfid_interface uses signed plain chars, while module ?fminl uses unsigned plain chars
Warning[w31]: Modules have been compiled with possibly incompatible settings: Module Rfid_interface uses signed plain chars, while module ?fmod uses unsigned plain chars
Warning[w31]: Modules have been compiled with possibly incompatible settings: Module Rfid_interface uses signed plain chars, while module ?fmod_f uses unsigned plain chars
Warning[w31]: Modules have been compiled with possibly incompatible settings: Module Rfid_interface uses signed plain chars, while module ?fmod_ld uses unsigned plain chars
Warning[w31]: Modules have been compiled with possibly incompatible settings: Module Rfid_interface uses signed plain chars, while module ?fmodf uses unsigned plain chars
Warning[w31]: Modules have been compiled with possibly incompatible settings: Module Rfid_interface uses signed plain chars, while module ?fmodl uses unsigned plain chars
Warning[w31]: Modules have been compiled with possibly incompatible settings: Module Rfid_interface uses signed plain chars, while module ?fopen uses unsigned plain chars
Warning[w31]: Modules have been compiled with possibly incompatible settings: Module Rfid_interface uses signed plain chars, while module ?fprintf uses unsigned plain chars
Warning[w31]: Modules have been compiled with possibly incompatible settings: Module Rfid_interface uses signed plain chars, while module ?fputc uses unsigned plain chars
Warning[w31]: Modules have been compiled with possibly incompatible settings: Module Rfid_interface uses signed plain chars, while module ?fputs uses unsigned plain chars
Warning[w31]: Modules have been compiled with possibly incompatible settings: Module Rfid_interface uses signed plain chars, while module ?fputwc uses unsigned plain chars
Warning[w31]: Modules have been compiled with possibly incompatible settings: Module Rfid_interface uses signed plain chars, while module ?fputws uses unsigned plain chars
Warning[w31]: Modules have been compiled with possibly incompatible settings: Module Rfid_interface uses signed plain chars, while module ?fread uses unsigned plain chars
Warning[w31]: Modules have been compiled with possibly incompatible settings: Module Rfid_interface uses signed plain chars, while module ?free uses unsigned plain chars
Warning[w31]: Modules have been compiled with possibly incompatible settings: Module Rfid_interface uses signed plain chars, while module ?freopen uses unsigned plain chars
Warning[w31]: Modules have been compiled with possibly incompatible settings: Module Rfid_interface uses signed plain chars, while module ?frexp uses unsigned plain chars
Warning[w31]: Modules have been compiled with possibly incompatible settings: Module Rfid_interface uses signed plain chars, while module ?frexp_f uses unsigned plain chars
Warning[w31]: Modules have been compiled with possibly incompatible settings: Module Rfid_interface uses signed plain chars, while module ?frexp_ld uses unsigned plain chars
Warning[w31]: Modules have been compiled with possibly incompatible settings: Module Rfid_interface uses signed plain chars, while module ?frexpf uses unsigned plain chars
Warning[w31]: Modules have been compiled with possibly incompatible settings: Module Rfid_interface uses signed plain chars, while module ?frexpl uses unsigned plain chars
Warning[w31]: Modules have been compiled with possibly incompatible settings: Module Rfid_interface uses signed plain chars, while module ?fscanf uses unsigned plain chars
Warning[w31]: Modules have been compiled with possibly incompatible settings: Module Rfid_interface uses signed plain chars, while module ?fseek uses unsigned plain chars
Warning[w31]: Modules have been compiled with possibly incompatible settings: Module Rfid_interface uses signed plain chars, while module ?fsetpos uses unsigned plain chars
Warning[w31]: Modules have been compiled with possibly incompatible settings: Module Rfid_interface uses signed plain chars, while module ?fstream uses unsigned plain chars
Warning[w31]: Modules have been compiled with possibly incompatible settings: Module Rfid_interface uses signed plain chars, while module ?ftell uses unsigned plain chars
Warning[w31]: Modules have been compiled with possibly incompatible settings: Module Rfid_interface uses signed plain chars, while module ?fwide uses unsigned plain chars
Warning[w31]: Modules have been compiled with possibly incompatible settings: Module Rfid_interface uses signed plain chars, while module ?fwprintf uses unsigned plain chars
Warning[w31]: Modules have been compiled with possibly incompatible settings: Module Rfid_interface uses signed plain chars, while module ?fwrite uses unsigned plain chars
Warning[w31]: Modules have been compiled with possibly incompatible settings: Module Rfid_interface uses signed plain chars, while module ?fwscanf uses unsigned plain chars
Warning[w31]: Modules have been compiled with possibly incompatible settings: Module Rfid_interface uses signed plain chars, while module ?getc uses unsigned plain chars
Warning[w31]: Modules have been compiled with possibly incompatible settings: Module Rfid_interface uses signed plain chars, while module ?getchar uses unsigned plain chars
Warning[w31]: Modules have been compiled with possibly incompatible settings: Module Rfid_interface uses signed plain chars, while module ?getenv uses unsigned plain chars
Warning[w31]: Modules have been compiled with possibly incompatible settings: Module Rfid_interface uses signed plain chars, while module ?gets uses unsigned plain chars
Warning[w31]: Modules have been compiled with possibly incompatible settings: Module Rfid_interface uses signed plain chars, while module ?getw uses unsigned plain chars
Warning[w31]: Modules have been compiled with possibly incompatible settings: Module Rfid_interface uses signed plain chars, while module ?getwc uses unsigned plain chars
Warning[w31]: Modules have been compiled with possibly incompatible settings: Module Rfid_interface uses signed plain chars, while module ?getwchar uses unsigned plain chars
Warning[w31]: Modules have been compiled with possibly incompatible settings: Module Rfid_interface uses signed plain chars, while module ?getzone uses unsigned plain chars
Warning[w31]: Modules have been compiled with possibly incompatible settings: Module Rfid_interface uses signed plain chars, while module ?gmtime uses unsigned plain chars
Warning[w31]: Modules have been compiled with possibly incompatible settings: Module Rfid_interface uses signed plain chars, while module ?gmtime64 uses unsigned plain chars
Warning[w31]: Modules have been compiled with possibly incompatible settings: Module Rfid_interface uses signed plain chars, while module ?gmtime_i uses unsigned plain chars
Warning[w31]: Modules have been compiled with possibly incompatible settings: Module Rfid_interface uses signed plain chars, while module ?hypot uses unsigned plain chars
Warning[w31]: Modules have been compiled with possibly incompatible settings: Module Rfid_interface uses signed plain chars, while module ?hypot_f uses unsigned plain chars
Warning[w31]: Modules have been compiled with possibly incompatible settings: Module Rfid_interface uses signed plain chars, while module ?hypot_ld uses unsigned plain chars
Warning[w31]: Modules have been compiled with possibly incompatible settings: Module Rfid_interface uses signed plain chars, while module ?hypotf uses unsigned plain chars
Warning[w31]: Modules have been compiled with possibly incompatible settings: Module Rfid_interface uses signed plain chars, while module ?hypotl uses unsigned plain chars
Warning[w31]: Modules have been compiled with possibly incompatible settings: Module Rfid_interface uses signed plain chars, while module ?ilogb uses unsigned plain chars
Warning[w31]: Modules have been compiled with possibly incompatible settings: Module Rfid_interface uses signed plain chars, while module ?ilogb_f uses unsigned plain chars
Warning[w31]: Modules have been compiled with possibly incompatible settings: Module Rfid_interface uses signed plain chars, while module ?ilogb_ld uses unsigned plain chars
Warning[w31]: Modules have been compiled with possibly incompatible settings: Module Rfid_interface uses signed plain chars, while module ?ilogbf uses unsigned plain chars
Warning[w31]: Modules have been compiled with possibly incompatible settings: Module Rfid_interface uses signed plain chars, while module ?ilogbl uses unsigned plain chars
Warning[w31]: Modules have been compiled with possibly incompatible settings: Module Rfid_interface uses signed plain chars, while module ?imaxabs uses unsigned plain chars
Warning[w31]: Modules have been compiled with possibly incompatible settings: Module Rfid_interface uses signed plain chars, while module ?imaxdiv uses unsigned plain chars
Warning[w31]: Modules have been compiled with possibly incompatible settings: Module Rfid_interface uses signed plain chars, while module ?iomanip uses unsigned plain chars
Warning[w31]: Modules have been compiled with possibly incompatible settings: Module Rfid_interface uses signed plain chars, while module ?ios uses unsigned plain chars
Warning[w31]: Modules have been compiled with possibly incompatible settings: Module Rfid_interface uses signed plain chars, while module ?iostream uses unsigned plain chars
Warning[w31]: Modules have been compiled with possibly incompatible settings: Module Rfid_interface uses signed plain chars, while module ?iostream_cerr uses unsigned plain chars
Warning[w31]: Modules have been compiled with possibly incompatible settings: Module Rfid_interface uses signed plain chars, while module ?iostream_cin uses unsigned plain chars
Warning[w31]: Modules have been compiled with possibly incompatible settings: Module Rfid_interface uses signed plain chars, while module ?iostream_cout uses unsigned plain chars
Warning[w31]: Modules have been compiled with possibly incompatible settings: Module Rfid_interface uses signed plain chars, while module ?isalnum uses unsigned plain chars
Warning[w31]: Modules have been compiled with possibly incompatible settings: Module Rfid_interface uses signed plain chars, while module ?isblank uses unsigned plain chars
Warning[w31]: Modules have been compiled with possibly incompatible settings: Module Rfid_interface uses signed plain chars, while module ?isdigit uses unsigned plain chars
Warning[w31]: Modules have been compiled with possibly incompatible settings: Module Rfid_interface uses signed plain chars, while module ?isgraph uses unsigned plain chars
Warning[w31]: Modules have been compiled with possibly incompatible settings: Module Rfid_interface uses signed plain chars, while module ?isprint uses unsigned plain chars
Warning[w31]: Modules have been compiled with possibly incompatible settings: Module Rfid_interface uses signed plain chars, while module ?istream uses unsigned plain chars
Warning[w31]: Modules have been compiled with possibly incompatible settings: Module Rfid_interface uses signed plain chars, while module ?iswalnum uses unsigned plain chars
Warning[w31]: Modules have been compiled with possibly incompatible settings: Module Rfid_interface uses signed plain chars, while module ?iswblank uses unsigned plain chars
Warning[w31]: Modules have been compiled with possibly incompatible settings: Module Rfid_interface uses signed plain chars, while module ?iswgraph uses unsigned plain chars
Warning[w31]: Modules have been compiled with possibly incompatible settings: Module Rfid_interface uses signed plain chars, while module ?iswprint uses unsigned plain chars
Warning[w31]: Modules have been compiled with possibly incompatible settings: Module Rfid_interface uses signed plain chars, while module ?iswxxx uses unsigned plain chars
Warning[w31]: Modules have been compiled with possibly incompatible settings: Module Rfid_interface uses signed plain chars, while module ?isxdigit uses unsigned plain chars
Warning[w31]: Modules have been compiled with possibly incompatible settings: Module Rfid_interface uses signed plain chars, while module ?isxxx uses unsigned plain chars
Warning[w31]: Modules have been compiled with possibly incompatible settings: Module Rfid_interface uses signed plain chars, while module ?iutility uses unsigned plain chars
Warning[w31]: Modules have been compiled with possibly incompatible settings: Module Rfid_interface uses signed plain chars, while module ?labs uses unsigned plain chars
Warning[w31]: Modules have been compiled with possibly incompatible settings: Module Rfid_interface uses signed plain chars, while module ?ldexp uses unsigned plain chars
Warning[w31]: Modules have been compiled with possibly incompatible settings: Module Rfid_interface uses signed plain chars, while module ?ldexp_f uses unsigned plain chars
Warning[w31]: Modules have been compiled with possibly incompatible settings: Module Rfid_interface uses signed plain chars, while module ?ldexp_ld uses unsigned plain chars
Warning[w31]: Modules have been compiled with possibly incompatible settings: Module Rfid_interface uses signed plain chars, while module ?ldexpf uses unsigned plain chars
Warning[w31]: Modules have been compiled with possibly incompatible settings: Module Rfid_interface uses signed plain chars, while module ?ldexpl uses unsigned plain chars
Warning[w31]: Modules have been compiled with possibly incompatible settings: Module Rfid_interface uses signed plain chars, while module ?lgamma uses unsigned plain chars
Warning[w31]: Modules have been compiled with possibly incompatible settings: Module Rfid_interface uses signed plain chars, while module ?lgamma_f uses unsigned plain chars
Warning[w31]: Modules have been compiled with possibly incompatible settings: Module Rfid_interface uses signed plain chars, while module ?lgamma_ld uses unsigned plain chars
Warning[w31]: Modules have been compiled with possibly incompatible settings: Module Rfid_interface uses signed plain chars, while module ?lgammaf uses unsigned plain chars
Warning[w31]: Modules have been compiled with possibly incompatible settings: Module Rfid_interface uses signed plain chars, while module ?lgammal uses unsigned plain chars
Warning[w31]: Modules have been compiled with possibly incompatible settings: Module Rfid_interface uses signed plain chars, while module ?limits uses unsigned plain chars
Warning[w31]: Modules have been compiled with possibly incompatible settings: Module Rfid_interface uses signed plain chars, while module ?llabs uses unsigned plain chars
Warning[w31]: Modules have been compiled with possibly incompatible settings: Module Rfid_interface uses signed plain chars, while module ?lldiv uses unsigned plain chars
Warning[w31]: Modules have been compiled with possibly incompatible settings: Module Rfid_interface uses signed plain chars, while module ?llrint uses unsigned plain chars
Warning[w31]: Modules have been compiled with possibly incompatible settings: Module Rfid_interface uses signed plain chars, while module ?llrint_f uses unsigned plain chars
Warning[w31]: Modules have been compiled with possibly incompatible settings: Module Rfid_interface uses signed plain chars, while module ?llrint_ld uses unsigned plain chars
Warning[w31]: Modules have been compiled with possibly incompatible settings: Module Rfid_interface uses signed plain chars, while module ?llrintf uses unsigned plain chars
Warning[w31]: Modules have been compiled with possibly incompatible settings: Module Rfid_interface uses signed plain chars, while module ?llrintl uses unsigned plain chars
Warning[w31]: Modules have been compiled with possibly incompatible settings: Module Rfid_interface uses signed plain chars, while module ?llround uses unsigned plain chars
Warning[w31]: Modules have been compiled with possibly incompatible settings: Module Rfid_interface uses signed plain chars, while module ?llround_f uses unsigned plain chars
Warning[w31]: Modules have been compiled with possibly incompatible settings: Module Rfid_interface uses signed plain chars, while module ?llround_ld uses unsigned plain chars
Warning[w31]: Modules have been compiled with possibly incompatible settings: Module Rfid_interface uses signed plain chars, while module ?llroundf uses unsigned plain chars
Warning[w31]: Modules have been compiled with possibly incompatible settings: Module Rfid_interface uses signed plain chars, while module ?llroundl uses unsigned plain chars
Warning[w31]: Modules have been compiled with possibly incompatible settings: Module Rfid_interface uses signed plain chars, while module ?localeconv uses unsigned plain chars
Warning[w31]: Modules have been compiled with possibly incompatible settings: Module Rfid_interface uses signed plain chars, while module ?localtim uses unsigned plain chars
Warning[w31]: Modules have been compiled with possibly incompatible settings: Module Rfid_interface uses signed plain chars, while module ?localtim64 uses unsigned plain chars
Warning[w31]: Modules have been compiled with possibly incompatible settings: Module Rfid_interface uses signed plain chars, while module ?localtim_i uses unsigned plain chars
Warning[w31]: Modules have been compiled with possibly incompatible settings: Module Rfid_interface uses signed plain chars, while module ?log uses unsigned plain chars
Warning[w31]: Modules have been compiled with possibly incompatible settings: Module Rfid_interface uses signed plain chars, while module ?log10 uses unsigned plain chars
Warning[w31]: Modules have been compiled with possibly incompatible settings: Module Rfid_interface uses signed plain chars, while module ?log10_f uses unsigned plain chars
Warning[w31]: Modules have been compiled with possibly incompatible settings: Module Rfid_interface uses signed plain chars, while module ?log10_ld uses unsigned plain chars
Warning[w31]: Modules have been compiled with possibly incompatible settings: Module Rfid_interface uses signed plain chars, while module ?log10f uses unsigned plain chars
Warning[w31]: Modules have been compiled with possibly incompatible settings: Module Rfid_interface uses signed plain chars, while module ?log10l uses unsigned plain chars
Warning[w31]: Modules have been compiled with possibly incompatible settings: Module Rfid_interface uses signed plain chars, while module ?log1p uses unsigned plain chars
Warning[w31]: Modules have been compiled with possibly incompatible settings: Module Rfid_interface uses signed plain chars, while module ?log1p_f uses unsigned plain chars
Warning[w31]: Modules have been compiled with possibly incompatible settings: Module Rfid_interface uses signed plain chars, while module ?log1p_ld uses unsigned plain chars
Warning[w31]: Modules have been compiled with possibly incompatible settings: Module Rfid_interface uses signed plain chars, while module ?log1pf uses unsigned plain chars
Warning[w31]: Modules have been compiled with possibly incompatible settings: Module Rfid_interface uses signed plain chars, while module ?log1pl uses unsigned plain chars
Warning[w31]: Modules have been compiled with possibly incompatible settings: Module Rfid_interface uses signed plain chars, while module ?log2 uses unsigned plain chars
Warning[w31]: Modules have been compiled with possibly incompatible settings: Module Rfid_interface uses signed plain chars, while module ?log2_f uses unsigned plain chars
Warning[w31]: Modules have been compiled with possibly incompatible settings: Module Rfid_interface uses signed plain chars, while module ?log2_ld uses unsigned plain chars
Warning[w31]: Modules have been compiled with possibly incompatible settings: Module Rfid_interface uses signed plain chars, while module ?log2f uses unsigned plain chars
Warning[w31]: Modules have been compiled with possibly incompatible settings: Module Rfid_interface uses signed plain chars, while module ?log2l uses unsigned plain chars
Warning[w31]: Modules have been compiled with possibly incompatible settings: Module Rfid_interface uses signed plain chars, while module ?log_f uses unsigned plain chars
Warning[w31]: Modules have been compiled with possibly incompatible settings: Module Rfid_interface uses signed plain chars, while module ?log_ld uses unsigned plain chars
Warning[w31]: Modules have been compiled with possibly incompatible settings: Module Rfid_interface uses signed plain chars, while module ?logb uses unsigned plain chars
Warning[w31]: Modules have been compiled with possibly incompatible settings: Module Rfid_interface uses signed plain chars, while module ?logb_f uses unsigned plain chars
Warning[w31]: Modules have been compiled with possibly incompatible settings: Module Rfid_interface uses signed plain chars, while module ?logb_ld uses unsigned plain chars
Warning[w31]: Modules have been compiled with possibly incompatible settings: Module Rfid_interface uses signed plain chars, while module ?logbf uses unsigned plain chars
Warning[w31]: Modules have been compiled with possibly incompatible settings: Module Rfid_interface uses signed plain chars, while module ?logbl uses unsigned plain chars
Warning[w31]: Modules have been compiled with possibly incompatible settings: Module Rfid_interface uses signed plain chars, while module ?logf uses unsigned plain chars
Warning[w31]: Modules have been compiled with possibly incompatible settings: Module Rfid_interface uses signed plain chars, while module ?logl uses unsigned plain chars
Warning[w31]: Modules have been compiled with possibly incompatible settings: Module Rfid_interface uses signed plain chars, while module ?lrint uses unsigned plain chars
Warning[w31]: Modules have been compiled with possibly incompatible settings: Module Rfid_interface uses signed plain chars, while module ?lrint_f uses unsigned plain chars
Warning[w31]: Modules have been compiled with possibly incompatible settings: Module Rfid_interface uses signed plain chars, while module ?lrint_ld uses unsigned plain chars
Warning[w31]: Modules have been compiled with possibly incompatible settings: Module Rfid_interface uses signed plain chars, while module ?lrintf uses unsigned plain chars
Warning[w31]: Modules have been compiled with possibly incompatible settings: Module Rfid_interface uses signed plain chars, while module ?lrintl uses unsigned plain chars
Warning[w31]: Modules have been compiled with possibly incompatible settings: Module Rfid_interface uses signed plain chars, while module ?lround uses unsigned plain chars
Warning[w31]: Modules have been compiled with possibly incompatible settings: Module Rfid_interface uses signed plain chars, while module ?lround_f uses unsigned plain chars
Warning[w31]: Modules have been compiled with possibly incompatible settings: Module Rfid_interface uses signed plain chars, while module ?lround_ld uses unsigned plain chars
Warning[w31]: Modules have been compiled with possibly incompatible settings: Module Rfid_interface uses signed plain chars, while module ?lroundf uses unsigned plain chars
Warning[w31]: Modules have been compiled with possibly incompatible settings: Module Rfid_interface uses signed plain chars, while module ?lroundl uses unsigned plain chars
Warning[w31]: Modules have been compiled with possibly incompatible settings: Module Rfid_interface uses signed plain chars, while module ?malloc uses unsigned plain chars
Warning[w31]: Modules have been compiled with possibly incompatible settings: Module Rfid_interface uses signed plain chars, while module ?mblen uses unsigned plain chars
Warning[w31]: Modules have been compiled with possibly incompatible settings: Module Rfid_interface uses signed plain chars, while module ?mbrlen uses unsigned plain chars
Warning[w31]: Modules have been compiled with possibly incompatible settings: Module Rfid_interface uses signed plain chars, while module ?mbrtoc16 uses unsigned plain chars
Warning[w31]: Modules have been compiled with possibly incompatible settings: Module Rfid_interface uses signed plain chars, while module ?mbrtoc32 uses unsigned plain chars
Warning[w31]: Modules have been compiled with possibly incompatible settings: Module Rfid_interface uses signed plain chars, while module ?mbrtowc uses unsigned plain chars
Warning[w31]: Modules have been compiled with possibly incompatible settings: Module Rfid_interface uses signed plain chars, while module ?mbsinit uses unsigned plain chars
Warning[w31]: Modules have been compiled with possibly incompatible settings: Module Rfid_interface uses signed plain chars, while module ?mbsrtowc uses unsigned plain chars
Warning[w31]: Modules have been compiled with possibly incompatible settings: Module Rfid_interface uses signed plain chars, while module ?mbstowcs uses unsigned plain chars
Warning[w31]: Modules have been compiled with possibly incompatible settings: Module Rfid_interface uses signed plain chars, while module ?mbtowc uses unsigned plain chars
Warning[w31]: Modules have been compiled with possibly incompatible settings: Module Rfid_interface uses signed plain chars, while module ?memchr uses unsigned plain chars
Warning[w31]: Modules have been compiled with possibly incompatible settings: Module Rfid_interface uses signed plain chars, while module ?memchr2 uses unsigned plain chars
Warning[w31]: Modules have been compiled with possibly incompatible settings: Module Rfid_interface uses signed plain chars, while module ?memchr3 uses unsigned plain chars
Warning[w31]: Modules have been compiled with possibly incompatible settings: Module Rfid_interface uses signed plain chars, while module ?memcmp uses unsigned plain chars
Warning[w31]: Modules have been compiled with possibly incompatible settings: Module Rfid_interface uses signed plain chars, while module ?memcpy uses unsigned plain chars
Warning[w31]: Modules have been compiled with possibly incompatible settings: Module Rfid_interface uses signed plain chars, while module ?memmove uses unsigned plain chars
Warning[w31]: Modules have been compiled with possibly incompatible settings: Module Rfid_interface uses signed plain chars, while module ?memset uses unsigned plain chars
Warning[w31]: Modules have been compiled with possibly incompatible settings: Module Rfid_interface uses signed plain chars, while module ?memzero uses unsigned plain chars
Warning[w31]: Modules have been compiled with possibly incompatible settings: Module Rfid_interface uses signed plain chars, while module ?mktime uses unsigned plain chars
Warning[w31]: Modules have been compiled with possibly incompatible settings: Module Rfid_interface uses signed plain chars, while module ?mktime64 uses unsigned plain chars
Warning[w31]: Modules have been compiled with possibly incompatible settings: Module Rfid_interface uses signed plain chars, while module ?mktime_i uses unsigned plain chars
Warning[w31]: Modules have been compiled with possibly incompatible settings: Module Rfid_interface uses signed plain chars, while module ?modf uses unsigned plain chars
Warning[w31]: Modules have been compiled with possibly incompatible settings: Module Rfid_interface uses signed plain chars, while module ?modf_f uses unsigned plain chars
Warning[w31]: Modules have been compiled with possibly incompatible settings: Module Rfid_interface uses signed plain chars, while module ?modf_ld uses unsigned plain chars
Warning[w31]: Modules have been compiled with possibly incompatible settings: Module Rfid_interface uses signed plain chars, while module ?modff uses unsigned plain chars
Warning[w31]: Modules have been compiled with possibly incompatible settings: Module Rfid_interface uses signed plain chars, while module ?modfl uses unsigned plain chars
Warning[w31]: Modules have been compiled with possibly incompatible settings: Module Rfid_interface uses signed plain chars, while module ?mul32s32sto64i uses unsigned plain chars
Warning[w31]: Modules have been compiled with possibly incompatible settings: Module Rfid_interface uses signed plain chars, while module ?mul32u32uto64i uses unsigned plain chars
Warning[w31]: Modules have been compiled with possibly incompatible settings: Module Rfid_interface uses signed plain chars, while module ?mul32u32uto64ihw uses unsigned plain chars
Warning[w31]: Modules have been compiled with possibly incompatible settings: Module Rfid_interface uses signed plain chars, while module ?mul64i uses unsigned plain chars
Warning[w31]: Modules have been compiled with possibly incompatible settings: Module Rfid_interface uses signed plain chars, while module ?mul64ihw uses unsigned plain chars
Warning[w31]: Modules have been compiled with possibly incompatible settings: Module Rfid_interface uses signed plain chars, while module ?nan uses unsigned plain chars
Warning[w31]: Modules have been compiled with possibly incompatible settings: Module Rfid_interface uses signed plain chars, while module ?nanf uses unsigned plain chars
Warning[w31]: Modules have been compiled with possibly incompatible settings: Module Rfid_interface uses signed plain chars, while module ?nanl uses unsigned plain chars
Warning[w31]: Modules have been compiled with possibly incompatible settings: Module Rfid_interface uses signed plain chars, while module ?nearbyint uses unsigned plain chars
Warning[w31]: Modules have been compiled with possibly incompatible settings: Module Rfid_interface uses signed plain chars, while module ?nearbyint_f uses unsigned plain chars
Warning[w31]: Modules have been compiled with possibly incompatible settings: Module Rfid_interface uses signed plain chars, while module ?nearbyint_ld uses unsigned plain chars
Warning[w31]: Modules have been compiled with possibly incompatible settings: Module Rfid_interface uses signed plain chars, while module ?nearbyintf uses unsigned plain chars
Warning[w31]: Modules have been compiled with possibly incompatible settings: Module Rfid_interface uses signed plain chars, while module ?nearbyintl uses unsigned plain chars
Warning[w31]: Modules have been compiled with possibly incompatible settings: Module Rfid_interface uses signed plain chars, while module ?new uses unsigned plain chars
Warning[w31]: Modules have been compiled with possibly incompatible settings: Module Rfid_interface uses signed plain chars, while module ?newaop2_0 uses unsigned plain chars
Warning[w31]: Modules have been compiled with possibly incompatible settings: Module Rfid_interface uses signed plain chars, while module ?newaop2_1 uses unsigned plain chars
Warning[w31]: Modules have been compiled with possibly incompatible settings: Module Rfid_interface uses signed plain chars, while module ?newaop2_2 uses unsigned plain chars
Warning[w31]: Modules have been compiled with possibly incompatible settings: Module Rfid_interface uses signed plain chars, while module ?newaop2_3 uses unsigned plain chars
Warning[w31]: Modules have been compiled with possibly incompatible settings: Module Rfid_interface uses signed plain chars, while module ?newaop2_4 uses unsigned plain chars
Warning[w31]: Modules have been compiled with possibly incompatible settings: Module Rfid_interface uses signed plain chars, while module ?newaop_0 uses unsigned plain chars
Warning[w31]: Modules have been compiled with possibly incompatible settings: Module Rfid_interface uses signed plain chars, while module ?newaop_1 uses unsigned plain chars
Warning[w31]: Modules have been compiled with possibly incompatible settings: Module Rfid_interface uses signed plain chars, while module ?newaop_2 uses unsigned plain chars
Warning[w31]: Modules have been compiled with possibly incompatible settings: Module Rfid_interface uses signed plain chars, while module ?newaop_3 uses unsigned plain chars
Warning[w31]: Modules have been compiled with possibly incompatible settings: Module Rfid_interface uses signed plain chars, while module ?newaop_4 uses unsigned plain chars
Warning[w31]: Modules have been compiled with possibly incompatible settings: Module Rfid_interface uses signed plain chars, while module ?newop2_0 uses unsigned plain chars
Warning[w31]: Modules have been compiled with possibly incompatible settings: Module Rfid_interface uses signed plain chars, while module ?newop2_1 uses unsigned plain chars
Warning[w31]: Modules have been compiled with possibly incompatible settings: Module Rfid_interface uses signed plain chars, while module ?newop2_2 uses unsigned plain chars
Warning[w31]: Modules have been compiled with possibly incompatible settings: Module Rfid_interface uses signed plain chars, while module ?newop2_3 uses unsigned plain chars
Warning[w31]: Modules have been compiled with possibly incompatible settings: Module Rfid_interface uses signed plain chars, while module ?newop2_4 uses unsigned plain chars
Warning[w31]: Modules have been compiled with possibly incompatible settings: Module Rfid_interface uses signed plain chars, while module ?newop_0 uses unsigned plain chars
Warning[w31]: Modules have been compiled with possibly incompatible settings: Module Rfid_interface uses signed plain chars, while module ?newop_1 uses unsigned plain chars
[...]
            | Stack used (prev) :  0000001C
            | + function block  :  00000002
            |  Already listed
  03      pcd_delay_sfgi
          | Stack used (prev) :  00000024
          | + function block  :  00000004
  03      pcd_set_tmo
          | Stack used (prev) :  0000001E
          | + function block  :  00000004
          |  Already listed
  03      pcd_com_transceive
          | Stack used (prev) :  00000024
          | + function block  :  00000012
          |  Already listed
  03      set_bit_mask
          | Stack used (prev) :  0000001E
          | + function block  :  00000006
          |  Already listed
  03      write_reg
          | Stack used (prev) :  0000001C
          | + function block  :  00000002
          |  Already listed
  02    pcd_rats_a
        | Stack used (prev) :  00000036
        | + function block  :  00000010
  03      pcd_set_tmo
          | Stack used (prev) :  0000001E
          | + function block  :  00000004
          |  Already listed
  03      pcd_com_transceive
          | Stack used (prev) :  00000024
          | + function block  :  00000012
          |  Already listed
  02    iso14443_4_deselect
        | Stack used (prev) :  00000036
        | + function block  :  00000006
  04        printf
            | Stack used (prev) :  0000001A
            | + function block  :  00000004
            |  Already listed
  04        memcpy
            | Stack used (prev) :  0000001A
            | + function block  :  00000002
  04        pcd_delay_sfgi
            | Stack used (prev) :  00000024
            | + function block  :  00000004
            |  Already listed
  04        pcd_set_tmo
            | Stack used (prev) :  0000001E
            | + function block  :  00000004
            |  Already listed
  04        pcd_com_transceive
            | Stack used (prev) :  00000024
            | + function block  :  00000012
            |  Already listed
  03      ISO14443_4_HalfDuplexExchange
          | Stack used (prev) :  00000036
          | + function block  :  00000026
  02    Rfid_exchange
        | Stack used (prev) :  0000005C
        | + function block  :  00000004
  03      printf
          | Stack used (prev) :  0000001A
          | + function block  :  00000004
          |  Already listed
  03      memcpy
          | Stack used (prev) :  0000001A
          | + function block  :  00000002
          |  Already listed
  03      delay_1ms
          | Stack used (prev) :  0000001A
          | + function block  :  00000002
          |  Already listed
  04        pcd_set_tmo
            | Stack used (prev) :  0000001E
            | + function block  :  00000004
            |  Already listed
  04        pcd_com_transceive
            | Stack used (prev) :  00000024
            | + function block  :  00000012
            |  Already listed
  04        set_bit_mask
            | Stack used (prev) :  0000001E
            | + function block  :  00000006
            |  Already listed
  04        write_reg
            | Stack used (prev) :  0000001C
            | + function block  :  00000002
            |  Already listed
  03      pcd_cascaded_select
          | Stack used (prev) :  00000036
          | + function block  :  0000000C
  04        memset
            | Stack used (prev) :  0000001A
            | + function block  :  00000002
  04        pcd_set_tmo
            | Stack used (prev) :  0000001E
            | + function block  :  00000004
            |  Already listed
  04        pcd_com_transceive
            | Stack used (prev) :  00000024
            | + function block  :  00000012
            |  Already listed
  04        clear_bit_mask
            | Stack used (prev) :  0000001E
            | + function block  :  00000006
            |  Already listed
  04        set_bit_mask
            | Stack used (prev) :  0000001E
            | + function block  :  00000006
            |  Already listed
  04        write_reg
            | Stack used (prev) :  0000001C
            | + function block  :  00000002
            |  Already listed
  03      pcd_cascaded_anticoll
          | Stack used (prev) :  00000036
          | + function block  :  0000001A
  04        pcd_set_tmo
            | Stack used (prev) :  0000001E
            | + function block  :  00000004
            |  Already listed
  04        pcd_com_transceive
            | Stack used (prev) :  00000024
            | + function block  :  00000012
            |  Already listed
  04        clear_bit_mask
            | Stack used (prev) :  0000001E
            | + function block  :  00000006
            |  Already listed
  04        write_reg
            | Stack used (prev) :  0000001C
            | + function block  :  00000002
            |  Already listed
  03      pcd_request
          | Stack used (prev) :  00000036
          | + function block  :  00000008
  04        memset
            | Stack used (prev) :  0000001A
            | + function block  :  00000002
            |  Already listed
  03      pcd_default_info
          | Stack used (prev) :  0000001C
          | + function block  :  00000002
  02    reqa_wakeup
        | Stack used (prev) :  00000050
        | + function block  :  00000014
  01  test_a
      | Stack used (prev) :  00000064
      | + function block  :  0000002A
  <-Sub-tree of type: Indirectly called function tree that does not make
                    : indirect calls (Is not an interrupt and is not flagged
                    : as not overlayable)
    | Stack used          :  0000008E


  ->Sub-tree of type: Indirectly called function tree that does not make
                    : indirect calls (Is not an interrupt and is not flagged
                    : as not overlayable)
                             CSTACK
    | Stack used (prev) :  0000001A
  01  __iar_Memchr
      | Stack used (prev) :  0000001A
      | + function block  :  00000002
  <-Sub-tree of type: Indirectly called function tree that does not make
                    : indirect calls (Is not an interrupt and is not flagged
                    : as not overlayable)
    | Stack used          :  0000001C


  ->Sub-tree of type: Indirectly called function tree that does not make
                    : indirect calls (Is not an interrupt and is not flagged
                    : as not overlayable)
                             CSTACK
    | Stack used (prev) :  0000001A
  01  __iar_Strchr
      | Stack used (prev) :  0000001A
      | + function block  :  00000002
  <-Sub-tree of type: Indirectly called function tree that does not make
                    : indirect calls (Is not an interrupt and is not flagged
                    : as not overlayable)
    | Stack used          :  0000001C


  ->Sub-tree of type: Indirectly called function tree that does not make
                    : indirect calls (Is not an interrupt and is not flagged
                    : as not overlayable)
                             CSTACK
    | Stack used (prev) :  0000001A
  01  strlen
      | Stack used (prev) :  0000001A
      | + function block  :  00000002
  <-Sub-tree of type: Indirectly called function tree that does not make
                    : indirect calls (Is not an interrupt and is not flagged
                    : as not overlayable)
    | Stack used          :  0000001C


  ->Sub-tree of type: Indirectly called function tree that does not make
                    : indirect calls (Is not an interrupt and is not flagged
                    : as not overlayable)
                             CSTACK
    | Stack used (prev) :  0000001A
  03      USART_SendData
          | Stack used (prev) :  0000001A
          | + function block  :  00000002
  03      USART_GetFlagStatus
          | Stack used (prev) :  0000001A
          | + function block  :  00000002
  02    putchar
        | Stack used (prev) :  0000001C
        | + function block  :  00000006
  01  _Prout
      | Stack used (prev) :  00000022
      | + function block  :  00000006
  <-Sub-tree of type: Indirectly called function tree that does not make
                    : indirect calls (Is not an interrupt and is not flagged
                    : as not overlayable)
    | Stack used          :  00000028


  ->Sub-tree of type: Function tree
                             CSTACK
    | Stack used (prev) :  0000008E
  02    printf
        | Stack used (prev) :  0000001A
        | + function block  :  00000004
        |  Already listed
  03      delay_1ms
          | Stack used (prev) :  0000001A
          | + function block  :  00000002
          |  Already listed
  04        write_reg
            | Stack used (prev) :  0000001C
            | + function block  :  00000002
            |  Already listed
  03      pcd_reset
          | Stack used (prev) :  0000008E
          | + function block  :  00000002
  03      clear_bit_mask
          | Stack used (prev) :  0000001E
          | + function block  :  00000006
          |  Already listed
  03      write_reg
          | Stack used (prev) :  0000001C
          | + function block  :  00000002
          |  Already listed
  03      write_reg
          | Stack used (prev) :  0000001C
          | + function block  :  00000002
          |  Already listed
  03      write_reg
          | Stack used (prev) :  0000001C
          | + function block  :  00000002
          |  Already listed
  03      write_reg
          | Stack used (prev) :  0000001C
          | + function block  :  00000002
          |  Already listed
  03      write_reg
          | Stack used (prev) :  0000001C
          | + function block  :  00000002
          |  Already listed
  03      write_reg
          | Stack used (prev) :  0000001C
          | + function block  :  00000002
          |  Already listed
  03      write_reg
          | Stack used (prev) :  0000001C
          | + function block  :  00000002
          |  Already listed
  03      write_reg
          | Stack used (prev) :  0000001C
          | + function block  :  00000002
          |  Already listed
  02    pcd_init
        | Stack used (prev) :  00000090
        | + function block  :  00000002
  02    delay_1ms
        | Stack used (prev) :  0000001A
        | + function block  :  00000002
        |  Already listed
  02    pcd_reset
        | Stack used (prev) :  0000008E
        | + function block  :  00000002
        |  Already listed
  02    read_reg
        | Stack used (prev) :  0000001C
        | + function block  :  00000002
        |  Already listed
  02    write_reg
        | Stack used (prev) :  0000001C
        | + function block  :  00000002
        |  Already listed
  03      slm_spi_init
          | Stack used (prev) :  0000008E
          | + function block  :  00000002
  03      ext_spi_init
          | Stack used (prev) :  0000008E
          | + function block  :  00000002
  03      init_Timer
          | Stack used (prev) :  0000008E
          | + function block  :  00000002
  03      init_uart1
          | Stack used (prev) :  0000008E
          | + function block  :  00000002
  03      init_uart
          | Stack used (prev) :  0000008E
          | + function block  :  00000002
  03      init_crystal
          | Stack used (prev) :  0000008E
          | + function block  :  00000002
  03      init_port
          | Stack used (prev) :  0000008E
          | + function block  :  00000002
  02    init_mcu
        | Stack used (prev) :  00000090
        | + function block  :  00000002
  03      delay_1ms
          | Stack used (prev) :  0000001A
          | + function block  :  00000002
          |  Already listed
  03      clear_bit_mask
          | Stack used (prev) :  0000001E
          | + function block  :  00000006
          |  Already listed
  03      write_reg
          | Stack used (prev) :  0000001C
          | + function block  :  00000002
          |  Already listed
  02    lpcd_exit
        | Stack used (prev) :  0000008E
        | + function block  :  00000002
  03      set_bit_mask
          | Stack used (prev) :  0000001E
          | + function block  :  00000006
          |  Already listed
  03      read_reg
          | Stack used (prev) :  0000001C
          | + function block  :  00000002
          |  Already listed
  03      write_reg
          | Stack used (prev) :  0000001C
          | + function block  :  00000002
          |  Already listed
  02    lpcd_entry
        | Stack used (prev) :  0000008E
        | + function block  :  00000002
  03      read_reg
          | Stack used (prev) :  0000001C
          | + function block  :  00000002
          |  Already listed
  03      write_reg
          | Stack used (prev) :  0000001C
          | + function block  :  00000002
          |  Already listed
  02    lpcd_init
        | Stack used (prev) :  0000008E
        | + function block  :  0000000A
  03      delay_1ms
          | Stack used (prev) :  0000001A
          | + function block  :  00000002
          |  Already listed
  03      write_reg
          | Stack used (prev) :  0000001C
          | + function block  :  00000002
          |  Already listed
  02    osc_calib
        | Stack used (prev) :  0000008E
        | + function block  :  00000002
  02    pcd_default_info
        | Stack used (prev) :  0000001C
        | + function block  :  00000002
        |  Already listed
  02    test_a
        | Stack used (prev) :  00000064
        | + function block  :  0000002A
        |  Already listed
  03      pcd_init
          | Stack used (prev) :  00000090
          | + function block  :  00000002
          |  Already listed
  04        read_reg
            | Stack used (prev) :  0000001C
            | + function block  :  00000002
            |  Already listed
  04        write_reg
            | Stack used (prev) :  0000001C
            | + function block  :  00000002
            |  Already listed
  03      pcd_antenna_off
          | Stack used (prev) :  0000008E
          | + function block  :  00000002
  04        memset
            | Stack used (prev) :  0000001A
            | + function block  :  00000002
            |  Already listed
  03      gtag_init
          | Stack used (prev) :  0000008E
          | + function block  :  00000002
  02    Rfid_Init
        | Stack used (prev) :  00000092
        | + function block  :  00000002
  01  main
      | Stack used (prev) :  00000098
      | + function block  :  0000001E
  <-Sub-tree of type: Function tree
    | Stack used          :  000000B6


  ->Sub-tree of type: Function tree
                             CSTACK
    | Stack used (prev) :  000000B6
  01  exit
      | Stack used (prev) :  000000B6
      | + function block  :  00000002
  <-Sub-tree of type: Function tree
    | Stack used          :  000000B8


  ->Sub-tree of type: Function tree
                             CSTACK
    | Stack used (prev) :  000000B8
  01  __data16_memzero
      | Stack used (prev) :  000000B8
      | + function block  :  00000002
  <-Sub-tree of type: Function tree
    | Stack used          :  000000BA


  ->Sub-tree of type: Function tree
                             CSTACK
    | Stack used (prev) :  000000BA
  02    memcpy
        | Stack used (prev) :  0000001A
        | + function block  :  00000002
        |  Already listed
  01  __data16_memcpy
      | Stack used (prev) :  000000BA
      | + function block  :  00000002
  <-Sub-tree of type: Function tree
    | Stack used          :  000000BC


  ->Sub-tree of type: Function tree
                             CSTACK
    | Stack used (prev) :  000000BC
  03      _PutcharSmallNoMb
          | Stack used (prev) :  000000BC
          | + function block  :  00000004
  02    _PutcharsSmallNoMb
        | Stack used (prev) :  000000C0
        | + function block  :  00000008
  02    _PutcharsSmallNoMb
        | Stack used (prev) :  000000C0
        | + function block  :  00000008
        |  Already listed
  02    _PutcharSmallNoMb
        | Stack used (prev) :  000000BC
        | + function block  :  00000004
        |  Already listed
  02    _LitobSmallNoMb
        | Stack used (prev) :  000000BC
        | + function block  :  00000012
  02    _LitobSmallNoMb
        | Stack used (prev) :  000000BC
        | + function block  :  00000012
        |  Already listed
  03      _PutcharsSmallNoMb
          | Stack used (prev) :  000000C0
          | + function block  :  00000008
          |  Already listed
  02    pad
        | Stack used (prev) :  000000C8
        | + function block  :  0000000A
  02    pad
        | Stack used (prev) :  000000C8
        | + function block  :  0000000A
        |  Already listed
  02    pad
        | Stack used (prev) :  000000C8
        | + function block  :  0000000A
        |  Already listed
  02    LoadInt
        | Stack used (prev) :  000000BC
        | + function block  :  00000002
  02    strlen
        | Stack used (prev) :  0000001A
        | + function block  :  00000002
        |  Already listed
  02    __iar_Strchr
        | Stack used (prev) :  0000001A
        | + function block  :  00000002
        |  Already listed
  02    __iar_Memchr
        | Stack used (prev) :  0000001A
        | + function block  :  00000002
        |  Already listed
  01  _PrintfSmallNoMb
      | Stack used (prev) :  000000D2
      | + function block  :  00000042
  <-Sub-tree of type: Function tree
    | Stack used          :  00000114




                ****************************************
                *                                      *
                *      SEGMENTS IN ADDRESS ORDER       *
                *                                      *
                ****************************************


SEGMENT              SPACE    START ADDRESS   END ADDRESS     SIZE  TYPE  ALIGN
=======              =====    =============   ===========     ====  ====  =====
DATA16_AN                              0000 - 0003               4   rel    0
                                       0006 - 0007               2 
                                       001B - 001B               1 
                                       001D - 001E               2 
                                       0021 - 0027               7 
                                       0033 - 0033               1 
                                       0053 - 0053               1 
                                       0057 - 0058               2 
                                       0061 - 006B               B 
                                       006E - 006F               2 
                                       00D1 - 00D4               4 
                                       00D6 - 00DB               6 
                                       00DE - 00DF               2 
                                       0120 - 0121               2 
                                       0160 - 0163               4 
                                       0172 - 0173               2 
DATA16_I                               1100 - 1150              51   rel    1
DATA16_Z                               1152 - 13A5             254   rel    1
CSTACK                                 1F0C - 20FF             1F4   rel    1
DATA16_C                               8000 - 82B2             2B3   rel    0
DATA16_ID                              82B4 - 8304              51   rel    1
CSTART                                 8306 - 832D              28   rel    1
<CODE> 1                               832E - AB7B            284E   rel    1
INTVEC                                 FFC0 - FFF3              34   com    1
RESET                                  FFFE - FFFF               2   rel    1

                ****************************************
                *                                      *
                *        END OF CROSS REFERENCE        *
                *                                      *
                ****************************************

 10 412 bytes of CODE  memory
  1 177 bytes of DATA  memory (+ 53 absolute )
    772 bytes of CONST memory

Errors: none
Warnings: 1036

